This is some text with inline styles and a link.
With a line break.

A second paragraph.
